一覧ページ数: 118
  page 1/118: +10 (累計 10)
  page 2/118: +10 (累計 20)
  page 3/118: +10 (累計 30)
  page 4/118: +10 (累計 40)
  page 5/118: +10 (累計 50)
  page 6/118: +10 (累計 60)
  page 7/118: +10 (累計 70)
  page 8/118: +10 (累計 80)
  page 9/118: +10 (累計 90)
  page 10/118: +10 (累計 100)
  page 11/118: +10 (累計 110)
  page 12/118: +10 (累計 120)
  page 13/118: +10 (累計 130)
  page 14/118: +10 (累計 140)
  page 15/118: +10 (累計 150)
  page 16/118: +10 (累計 160)
  page 17/118: +10 (累計 170)
  page 18/118: +10 (累計 180)
  page 19/118: +10 (累計 190)
  page 20/118: +10 (累計 200)
  page 21/118: +10 (累計 210)
  page 22/118: +10 (累計 220)
  page 23/118: +10 (累計 230)
  page 24/118: +10 (累計 240)
  page 25/118: +10 (累計 250)
  page 26/118: +10 (累計 260)
  page 27/118: +10 (累計 270)
  page 28/118: +10 (累計 280)
  page 29/118: +10 (累計 290)
  page 30/118: +10 (累計 300)
  page 31/118: +10 (累計 310)
  page 32/118: +10 (累計 320)
  page 33/118: +10 (累計 330)
  page 34/118: +10 (累計 340)
  page 35/118: +10 (累計 350)
  page 36/118: +10 (累計 360)
  page 37/118: +10 (累計 370)
  page 38/118: +10 (累計 380)
  page 39/118: +10 (累計 390)
  page 40/118: +10 (累計 400)
  page 41/118: +10 (累計 410)
  page 42/118: +10 (累計 420)
  page 43/118: +10 (累計 430)
  page 44/118: +10 (累計 440)
  page 45/118: +10 (累計 450)
  page 46/118: +10 (累計 460)
  page 47/118: +10 (累計 470)
  page 48/118: +10 (累計 480)
  page 49/118: +10 (累計 490)
  page 50/118: +10 (累計 500)
  page 51/118: +10 (累計 510)
  page 52/118: +10 (累計 520)
  page 53/118: +10 (累計 530)
  page 54/118: +10 (累計 540)
  page 55/118: +10 (累計 550)
  page 56/118: +10 (累計 560)
  page 57/118: +10 (累計 570)
  page 58/118: +10 (累計 580)
  page 59/118: +10 (累計 590)
  page 60/118: +10 (累計 600)
  page 61/118: +10 (累計 610)
  page 62/118: +10 (累計 620)
  page 63/118: +10 (累計 630)
  page 64/118: +10 (累計 640)
  page 65/118: +10 (累計 650)
  page 66/118: +10 (累計 660)
  page 67/118: +10 (累計 670)
  page 68/118: +10 (累計 680)
  page 69/118: +10 (累計 690)
  page 70/118: +10 (累計 700)
  page 71/118: +10 (累計 710)
  page 72/118: +10 (累計 720)
  page 73/118: +10 (累計 730)
  page 74/118: +10 (累計 740)
  page 75/118: +10 (累計 750)
  page 76/118: +10 (累計 760)
  page 77/118: +10 (累計 770)
  page 78/118: +10 (累計 780)
  page 79/118: +10 (累計 790)
  page 80/118: +10 (累計 800)
  page 81/118: +10 (累計 810)
  page 82/118: +10 (累計 820)
  page 83/118: +10 (累計 830)
  page 84/118: +10 (累計 840)
  page 85/118: +10 (累計 850)
  page 86/118: +10 (累計 860)
  page 87/118: +10 (累計 870)
  page 88/118: +10 (累計 880)
  page 89/118: +10 (累計 890)
  page 90/118: +10 (累計 900)
  page 91/118: +10 (累計 910)
  page 92/118: +10 (累計 920)
  page 93/118: +10 (累計 930)
  page 94/118: +10 (累計 940)
  page 95/118: +10 (累計 950)
  page 96/118: +10 (累計 960)
  page 97/118: +10 (累計 970)
  page 98/118: +10 (累計 980)
  page 99/118: +10 (累計 990)
  page 100/118: +10 (累計 1000)
  page 101/118: +10 (累計 1010)
  page 102/118: +10 (累計 1020)
  page 103/118: +10 (累計 1030)
  page 104/118: +10 (累計 1040)
  page 105/118: +10 (累計 1050)
  page 106/118: +10 (累計 1060)
  page 107/118: +10 (累計 1070)
  page 108/118: +10 (累計 1080)
  page 109/118: +9 (累計 1089)
  page 110/118: +10 (累計 1099)
  page 111/118: +10 (累計 1109)
  page 112/118: +10 (累計 1119)
  page 113/118: +10 (累計 1129)
  page 114/118: +10 (累計 1139)
  page 115/118: +10 (累計 1149)
  page 116/118: +10 (累計 1159)
  page 117/118: +10 (累計 1169)
  page 118/118: +8 (累計 1177)
プロフィール: 全1177件 / 取得済0件 / 残り1177件
  25/1177 件取得 (最新: 毛利 拓人)
  50/1177 件取得 (最新: 中澤 寛)
  75/1177 件取得 (最新: 戸田 峻太郎)
  100/1177 件取得 (最新: 正脇 拓人)
  125/1177 件取得 (最新: 河村 悠)
  150/1177 件取得 (最新: AKI WAKABAYASHI)
  175/1177 件取得 (最新: 辻本 拓磨)
  200/1177 件取得 (最新: 牧瀬 直生)
  225/1177 件取得 (最新: KEISUKE HASHIMOTO)
  250/1177 件取得 (最新: YAHIRO YOSHIAKI)
  275/1177 件取得 (最新: 大下 純輝)
  300/1177 件取得 (最新: 横山 国男)
  325/1177 件取得 (最新: 渥美 華音)
  350/1177 件取得 (最新: TAKAO NAKAO)
  375/1177 件取得 (最新: 松田 幸太)
  400/1177 件取得 (最新: 焼野 政輝)
  425/1177 件取得 (最新: 唐澤 学志)
  450/1177 件取得 (最新: 今宿 翔太)
  475/1177 件取得 (最新: kaisei takado)
  500/1177 件取得 (最新: 本間 勇亮)
  525/1177 件取得 (最新: 杉山 祐樹)
  550/1177 件取得 (最新: 麻生 諒也)
  575/1177 件取得 (最新: 長内 創一郎)
  600/1177 件取得 (最新: 小山 雄太)
  625/1177 件取得 (最新: 竹内琢人 竹内琢人)
  650/1177 件取得 (最新: 武田 瞳)
  675/1177 件取得 (最新: 松谷 元喜)
  700/1177 件取得 (最新: 桝村 翼)
  725/1177 件取得 (最新: 中井 美由紀)
  750/1177 件取得 (最新: 星野 隼也)
  775/1177 件取得 (最新: 丸山 兼冬)
  800/1177 件取得 (最新: 石橋 脩二郎)
  825/1177 件取得 (最新: 大堀 蒼汰)
  850/1177 件取得 (最新: 山本 祐輔)
  875/1177 件取得 (最新: 中上 雄翔)
  900/1177 件取得 (最新: 徳田 大夢)
  925/1177 件取得 (最新: 青柳 創平)
  950/1177 件取得 (最新: 石田 亮平)
  975/1177 件取得 (最新: 清水 大河)
  1000/1177 件取得 (最新: 工藤 和也)
  1025/1177 件取得 (最新: GENKI ISHIKAWA)
  1050/1177 件取得 (最新: 松間 悠介)
  1075/1177 件取得 (最新: 古川 湧一)
  1100/1177 件取得 (最新: 曽根 尚史)
  1125/1177 件取得 (最新: RYUJI SAITO)
  1150/1177 件取得 (最新: SHINO NARATA)
  1175/1177 件取得 (最新: 野上 翔平)
  1177/1177 件取得 (最新: 東中川 帆乃香)
CSV出力: /home/nero/scrapping projects/maikan/output/meikan_freelancers.csv (1177件, 分析済 0件)
